Archive member included to satisfy reference by file (symbol)

c:\users\mart624n\DOCUME~1\ATMELS~1\7.0\DETINT~1\DETINT~1\ARDUIN~1\Debug\libArduinoCore.a(main.o)
                              C:/Program Files (x86)/Atmel/Studio/7.0/Packs/atmel/ATmega_DFP/1.6.364/gcc/dev/atmega2560/avr6/crtatmega2560.o (main)
c:\users\mart624n\DOCUME~1\ATMELS~1\7.0\DETINT~1\DETINT~1\ARDUIN~1\Debug\libArduinoCore.a(wiring.o)
                              c:\users\mart624n\DOCUME~1\ATMELS~1\7.0\DETINT~1\DETINT~1\ARDUIN~1\Debug\libArduinoCore.a(main.o) (init)
c:\users\mart624n\DOCUME~1\ATMELS~1\7.0\DETINT~1\DETINT~1\ARDUIN~1\Debug\libArduinoCore.a(hooks.o)
                              c:\users\mart624n\DOCUME~1\ATMELS~1\7.0\DETINT~1\DETINT~1\ARDUIN~1\Debug\libArduinoCore.a(wiring.o) (yield)
c:/program files (x86)/atmel/studio/7.0/toolchain/avr8/avr8-gnu-toolchain/bin/../lib/gcc/avr/5.4.0/avr6\libgcc.a(_exit.o)
                              C:/Program Files (x86)/Atmel/Studio/7.0/Packs/atmel/ATmega_DFP/1.6.364/gcc/dev/atmega2560/avr6/crtatmega2560.o (exit)
c:/program files (x86)/atmel/studio/7.0/toolchain/avr8/avr8-gnu-toolchain/bin/../lib/gcc/avr/5.4.0/avr6\libgcc.a(_clear_bss.o)
                              c:\users\mart624n\DOCUME~1\ATMELS~1\7.0\DETINT~1\DETINT~1\ARDUIN~1\Debug\libArduinoCore.a(wiring.o) (__do_clear_bss)

Discarded input sections

 .data          0x00000000        0x0 C:/Program Files (x86)/Atmel/Studio/7.0/Packs/atmel/ATmega_DFP/1.6.364/gcc/dev/atmega2560/avr6/crtatmega2560.o
 .bss           0x00000000        0x0 C:/Program Files (x86)/Atmel/Studio/7.0/Packs/atmel/ATmega_DFP/1.6.364/gcc/dev/atmega2560/avr6/crtatmega2560.o
 .text          0x00000000        0x0 Sketch.o
 .data          0x00000000        0x0 Sketch.o
 .bss           0x00000000        0x0 Sketch.o
 .text          0x00000000        0x0 c:\users\mart624n\DOCUME~1\ATMELS~1\7.0\DETINT~1\DETINT~1\ARDUIN~1\Debug\libArduinoCore.a(main.o)
 .data          0x00000000        0x0 c:\users\mart624n\DOCUME~1\ATMELS~1\7.0\DETINT~1\DETINT~1\ARDUIN~1\Debug\libArduinoCore.a(main.o)
 .bss           0x00000000        0x0 c:\users\mart624n\DOCUME~1\ATMELS~1\7.0\DETINT~1\DETINT~1\ARDUIN~1\Debug\libArduinoCore.a(main.o)
 .text.atexit   0x00000000        0x6 c:\users\mart624n\DOCUME~1\ATMELS~1\7.0\DETINT~1\DETINT~1\ARDUIN~1\Debug\libArduinoCore.a(main.o)
 .text._Z8setupUSBv
                0x00000000        0x2 c:\users\mart624n\DOCUME~1\ATMELS~1\7.0\DETINT~1\DETINT~1\ARDUIN~1\Debug\libArduinoCore.a(main.o)
 .text          0x00000000        0x0 c:\users\mart624n\DOCUME~1\ATMELS~1\7.0\DETINT~1\DETINT~1\ARDUIN~1\Debug\libArduinoCore.a(wiring.o)
 .data          0x00000000        0x0 c:\users\mart624n\DOCUME~1\ATMELS~1\7.0\DETINT~1\DETINT~1\ARDUIN~1\Debug\libArduinoCore.a(wiring.o)
 .bss           0x00000000        0x0 c:\users\mart624n\DOCUME~1\ATMELS~1\7.0\DETINT~1\DETINT~1\ARDUIN~1\Debug\libArduinoCore.a(wiring.o)
 .text.millis   0x00000000       0x18 c:\users\mart624n\DOCUME~1\ATMELS~1\7.0\DETINT~1\DETINT~1\ARDUIN~1\Debug\libArduinoCore.a(wiring.o)
 .text.micros   0x00000000       0x4a c:\users\mart624n\DOCUME~1\ATMELS~1\7.0\DETINT~1\DETINT~1\ARDUIN~1\Debug\libArduinoCore.a(wiring.o)
 .text.delay    0x00000000       0x78 c:\users\mart624n\DOCUME~1\ATMELS~1\7.0\DETINT~1\DETINT~1\ARDUIN~1\Debug\libArduinoCore.a(wiring.o)
 .text.delayMicroseconds
                0x00000000       0x16 c:\users\mart624n\DOCUME~1\ATMELS~1\7.0\DETINT~1\DETINT~1\ARDUIN~1\Debug\libArduinoCore.a(wiring.o)
 .text          0x00000000        0x0 c:\users\mart624n\DOCUME~1\ATMELS~1\7.0\DETINT~1\DETINT~1\ARDUIN~1\Debug\libArduinoCore.a(hooks.o)
 .data          0x00000000        0x0 c:\users\mart624n\DOCUME~1\ATMELS~1\7.0\DETINT~1\DETINT~1\ARDUIN~1\Debug\libArduinoCore.a(hooks.o)
 .bss           0x00000000        0x0 c:\users\mart624n\DOCUME~1\ATMELS~1\7.0\DETINT~1\DETINT~1\ARDUIN~1\Debug\libArduinoCore.a(hooks.o)
 .text.__empty  0x00000000        0x2 c:\users\mart624n\DOCUME~1\ATMELS~1\7.0\DETINT~1\DETINT~1\ARDUIN~1\Debug\libArduinoCore.a(hooks.o)
 .debug_info    0x00000000       0x3e c:\users\mart624n\DOCUME~1\ATMELS~1\7.0\DETINT~1\DETINT~1\ARDUIN~1\Debug\libArduinoCore.a(hooks.o)
 .debug_abbrev  0x00000000       0x2a c:\users\mart624n\DOCUME~1\ATMELS~1\7.0\DETINT~1\DETINT~1\ARDUIN~1\Debug\libArduinoCore.a(hooks.o)
 .debug_aranges
                0x00000000       0x20 c:\users\mart624n\DOCUME~1\ATMELS~1\7.0\DETINT~1\DETINT~1\ARDUIN~1\Debug\libArduinoCore.a(hooks.o)
 .debug_ranges  0x00000000       0x10 c:\users\mart624n\DOCUME~1\ATMELS~1\7.0\DETINT~1\DETINT~1\ARDUIN~1\Debug\libArduinoCore.a(hooks.o)
 .debug_line    0x00000000       0x41 c:\users\mart624n\DOCUME~1\ATMELS~1\7.0\DETINT~1\DETINT~1\ARDUIN~1\Debug\libArduinoCore.a(hooks.o)
 .debug_str     0x00000000      0x15b c:\users\mart624n\DOCUME~1\ATMELS~1\7.0\DETINT~1\DETINT~1\ARDUIN~1\Debug\libArduinoCore.a(hooks.o)
 .comment       0x00000000       0x31 c:\users\mart624n\DOCUME~1\ATMELS~1\7.0\DETINT~1\DETINT~1\ARDUIN~1\Debug\libArduinoCore.a(hooks.o)
 .debug_frame   0x00000000       0x24 c:\users\mart624n\DOCUME~1\ATMELS~1\7.0\DETINT~1\DETINT~1\ARDUIN~1\Debug\libArduinoCore.a(hooks.o)
 .text          0x00000000        0x0 c:/program files (x86)/atmel/studio/7.0/toolchain/avr8/avr8-gnu-toolchain/bin/../lib/gcc/avr/5.4.0/avr6\libgcc.a(_exit.o)
 .data          0x00000000        0x0 c:/program files (x86)/atmel/studio/7.0/toolchain/avr8/avr8-gnu-toolchain/bin/../lib/gcc/avr/5.4.0/avr6\libgcc.a(_exit.o)
 .bss           0x00000000        0x0 c:/program files (x86)/atmel/studio/7.0/toolchain/avr8/avr8-gnu-toolchain/bin/../lib/gcc/avr/5.4.0/avr6\libgcc.a(_exit.o)
 .text.libgcc.mul
                0x00000000        0x0 c:/program files (x86)/atmel/studio/7.0/toolchain/avr8/avr8-gnu-toolchain/bin/../lib/gcc/avr/5.4.0/avr6\libgcc.a(_exit.o)
 .text.libgcc.div
                0x00000000        0x0 c:/program files (x86)/atmel/studio/7.0/toolchain/avr8/avr8-gnu-toolchain/bin/../lib/gcc/avr/5.4.0/avr6\libgcc.a(_exit.o)
 .text.libgcc   0x00000000        0x0 c:/program files (x86)/atmel/studio/7.0/toolchain/avr8/avr8-gnu-toolchain/bin/../lib/gcc/avr/5.4.0/avr6\libgcc.a(_exit.o)
 .text.libgcc.prologue
                0x00000000        0x0 c:/program files (x86)/atmel/studio/7.0/toolchain/avr8/avr8-gnu-toolchain/bin/../lib/gcc/avr/5.4.0/avr6\libgcc.a(_exit.o)
 .text.libgcc.builtins
                0x00000000        0x0 c:/program files (x86)/atmel/studio/7.0/toolchain/avr8/avr8-gnu-toolchain/bin/../lib/gcc/avr/5.4.0/avr6\libgcc.a(_exit.o)
 .text.libgcc.fmul
                0x00000000        0x0 c:/program files (x86)/atmel/studio/7.0/toolchain/avr8/avr8-gnu-toolchain/bin/../lib/gcc/avr/5.4.0/avr6\libgcc.a(_exit.o)
 .text.libgcc.fixed
                0x00000000        0x0 c:/program files (x86)/atmel/studio/7.0/toolchain/avr8/avr8-gnu-toolchain/bin/../lib/gcc/avr/5.4.0/avr6\libgcc.a(_exit.o)
 .text          0x00000000        0x0 c:/program files (x86)/atmel/studio/7.0/toolchain/avr8/avr8-gnu-toolchain/bin/../lib/gcc/avr/5.4.0/avr6\libgcc.a(_clear_bss.o)
 .data          0x00000000        0x0 c:/program files (x86)/atmel/studio/7.0/toolchain/avr8/avr8-gnu-toolchain/bin/../lib/gcc/avr/5.4.0/avr6\libgcc.a(_clear_bss.o)
 .bss           0x00000000        0x0 c:/program files (x86)/atmel/studio/7.0/toolchain/avr8/avr8-gnu-toolchain/bin/../lib/gcc/avr/5.4.0/avr6\libgcc.a(_clear_bss.o)
 .text.libgcc.mul
                0x00000000        0x0 c:/program files (x86)/atmel/studio/7.0/toolchain/avr8/avr8-gnu-toolchain/bin/../lib/gcc/avr/5.4.0/avr6\libgcc.a(_clear_bss.o)
 .text.libgcc.div
                0x00000000        0x0 c:/program files (x86)/atmel/studio/7.0/toolchain/avr8/avr8-gnu-toolchain/bin/../lib/gcc/avr/5.4.0/avr6\libgcc.a(_clear_bss.o)
 .text.libgcc   0x00000000        0x0 c:/program files (x86)/atmel/studio/7.0/toolchain/avr8/avr8-gnu-toolchain/bin/../lib/gcc/avr/5.4.0/avr6\libgcc.a(_clear_bss.o)
 .text.libgcc.prologue
                0x00000000        0x0 c:/program files (x86)/atmel/studio/7.0/toolchain/avr8/avr8-gnu-toolchain/bin/../lib/gcc/avr/5.4.0/avr6\libgcc.a(_clear_bss.o)
 .text.libgcc.builtins
                0x00000000        0x0 c:/program files (x86)/atmel/studio/7.0/toolchain/avr8/avr8-gnu-toolchain/bin/../lib/gcc/avr/5.4.0/avr6\libgcc.a(_clear_bss.o)
 .text.libgcc.fmul
                0x00000000        0x0 c:/program files (x86)/atmel/studio/7.0/toolchain/avr8/avr8-gnu-toolchain/bin/../lib/gcc/avr/5.4.0/avr6\libgcc.a(_clear_bss.o)
 .text.libgcc.fixed
                0x00000000        0x0 c:/program files (x86)/atmel/studio/7.0/toolchain/avr8/avr8-gnu-toolchain/bin/../lib/gcc/avr/5.4.0/avr6\libgcc.a(_clear_bss.o)

Memory Configuration

Name             Origin             Length             Attributes
text             0x00000000         0x00040000         xr
data             0x00800200         0x00002000         rw !x
eeprom           0x00810000         0x00001000         rw !x
fuse             0x00820000         0x00000003         rw !x
lock             0x00830000         0x00000400         rw !x
signature        0x00840000         0x00000400         rw !x
user_signatures  0x00850000         0x00000400         rw !x
*default*        0x00000000         0xffffffff

Linker script and memory map

Address of section .data set to 0x800200
LOAD C:/Program Files (x86)/Atmel/Studio/7.0/Packs/atmel/ATmega_DFP/1.6.364/gcc/dev/atmega2560/avr6/crtatmega2560.o
LOAD Sketch.o
START GROUP
LOAD c:/program files (x86)/atmel/studio/7.0/toolchain/avr8/avr8-gnu-toolchain/bin/../lib/gcc/avr/5.4.0/../../../../avr/lib/avr6\libm.a
LOAD c:\users\mart624n\DOCUME~1\ATMELS~1\7.0\DETINT~1\DETINT~1\ARDUIN~1\Debug\libArduinoCore.a
END GROUP
LOAD c:/program files (x86)/atmel/studio/7.0/toolchain/avr8/avr8-gnu-toolchain/bin/../lib/gcc/avr/5.4.0/avr6\libgcc.a
LOAD c:/program files (x86)/atmel/studio/7.0/toolchain/avr8/avr8-gnu-toolchain/bin/../lib/gcc/avr/5.4.0/../../../../avr/lib/avr6\libm.a
START GROUP
LOAD c:/program files (x86)/atmel/studio/7.0/toolchain/avr8/avr8-gnu-toolchain/bin/../lib/gcc/avr/5.4.0/avr6\libgcc.a
LOAD c:/program files (x86)/atmel/studio/7.0/toolchain/avr8/avr8-gnu-toolchain/bin/../lib/gcc/avr/5.4.0/../../../../avr/lib/avr6\libm.a
LOAD c:/program files (x86)/atmel/studio/7.0/toolchain/avr8/avr8-gnu-toolchain/bin/../lib/gcc/avr/5.4.0/../../../../avr/lib/avr6\libc.a
LOAD C:/Program Files (x86)/Atmel/Studio/7.0/Packs/atmel/ATmega_DFP/1.6.364/gcc/dev/atmega2560/avr6\libatmega2560.a
END GROUP
                0x00000000                __TEXT_REGION_ORIGIN__ = DEFINED (__TEXT_REGION_ORIGIN__)?__TEXT_REGION_ORIGIN__:0x0
                [0x00800200]                __DATA_REGION_ORIGIN__ = DEFINED (__DATA_REGION_ORIGIN__)?__DATA_REGION_ORIGIN__:0x800200
                [0x00040000]                __TEXT_REGION_LENGTH__ = DEFINED (__TEXT_REGION_LENGTH__)?__TEXT_REGION_LENGTH__:0x100000
                [0x00002000]                __DATA_REGION_LENGTH__ = DEFINED (__DATA_REGION_LENGTH__)?__DATA_REGION_LENGTH__:0xfe00
                [0x00001000]                __EEPROM_REGION_LENGTH__ = DEFINED (__EEPROM_REGION_LENGTH__)?__EEPROM_REGION_LENGTH__:0x10000
                [0x00000003]                __FUSE_REGION_LENGTH__ = DEFINED (__FUSE_REGION_LENGTH__)?__FUSE_REGION_LENGTH__:0x400
                0x00000400                __LOCK_REGION_LENGTH__ = DEFINED (__LOCK_REGION_LENGTH__)?__LOCK_REGION_LENGTH__:0x400
                0x00000400                __SIGNATURE_REGION_LENGTH__ = DEFINED (__SIGNATURE_REGION_LENGTH__)?__SIGNATURE_REGION_LENGTH__:0x400
                0x00000400                __USER_SIGNATURE_REGION_LENGTH__ = DEFINED (__USER_SIGNATURE_REGION_LENGTH__)?__USER_SIGNATURE_REGION_LENGTH__:0x400

.hash
 *(.hash)

.dynsym
 *(.dynsym)

.dynstr
 *(.dynstr)

.gnu.version
 *(.gnu.version)

.gnu.version_d
 *(.gnu.version_d)

.gnu.version_r
 *(.gnu.version_r)

.rel.init
 *(.rel.init)

.rela.init
 *(.rela.init)

.rel.text
 *(.rel.text)
 *(.rel.text.*)
 *(.rel.gnu.linkonce.t*)

.rela.text
 *(.rela.text)
 *(.rela.text.*)
 *(.rela.gnu.linkonce.t*)

.rel.fini
 *(.rel.fini)

.rela.fini
 *(.rela.fini)

.rel.rodata
 *(.rel.rodata)
 *(.rel.rodata.*)
 *(.rel.gnu.linkonce.r*)

.rela.rodata
 *(.rela.rodata)
 *(.rela.rodata.*)
 *(.rela.gnu.linkonce.r*)

.rel.data
 *(.rel.data)
 *(.rel.data.*)
 *(.rel.gnu.linkonce.d*)

.rela.data
 *(.rela.data)
 *(.rela.data.*)
 *(.rela.gnu.linkonce.d*)

.rel.ctors
 *(.rel.ctors)

.rela.ctors
 *(.rela.ctors)

.rel.dtors
 *(.rel.dtors)

.rela.dtors
 *(.rela.dtors)

.rel.got
 *(.rel.got)

.rela.got
 *(.rela.got)

.rel.bss
 *(.rel.bss)

.rela.bss
 *(.rela.bss)

.rel.plt
 *(.rel.plt)

.rela.plt
 *(.rela.plt)

.text           0x00000000      0x282
 *(.vectors)
 .vectors       0x00000000       0xe4 C:/Program Files (x86)/Atmel/Studio/7.0/Packs/atmel/ATmega_DFP/1.6.364/gcc/dev/atmega2560/avr6/crtatmega2560.o
                0x00000000                __vector_default
                0x00000000                __vectors
 *(.vectors)
 *(.progmem.gcc*)
                0x000000e4                . = ALIGN (0x2)
                0x000000e4                __trampolines_start = .
 *(.trampolines)
 .trampolines   0x000000e4        0x0 linker stubs
 *(.trampolines*)
                0x000000e4                __trampolines_end = .
 *libprintf_flt.a:*(.progmem.data)
 *libc.a:*(.progmem.data)
 *(.progmem*)
                0x000000e4                . = ALIGN (0x2)
 *(.jumptables)
 *(.jumptables*)
 *(.lowtext)
 *(.lowtext*)
                0x000000e4                __ctors_start = .
 *(.ctors)
                0x000000e4                __ctors_end = .
                0x000000e4                __dtors_start = .
 *(.dtors)
                0x000000e4                __dtors_end = .
 SORT(*)(.ctors)
 SORT(*)(.dtors)
 *(.init0)
 .init0         0x000000e4        0x0 C:/Program Files (x86)/Atmel/Studio/7.0/Packs/atmel/ATmega_DFP/1.6.364/gcc/dev/atmega2560/avr6/crtatmega2560.o
                0x000000e4                __init
 *(.init0)
 *(.init1)
 *(.init1)
 *(.init2)
 .init2         0x000000e4       0x10 C:/Program Files (x86)/Atmel/Studio/7.0/Packs/atmel/ATmega_DFP/1.6.364/gcc/dev/atmega2560/avr6/crtatmega2560.o
 *(.init2)
 *(.init3)
 *(.init3)
 *(.init4)
 .init4         0x000000f4       0x10 c:/program files (x86)/atmel/studio/7.0/toolchain/avr8/avr8-gnu-toolchain/bin/../lib/gcc/avr/5.4.0/avr6\libgcc.a(_clear_bss.o)
                0x000000f4                __do_clear_bss
 *(.init4)
 *(.init5)
 *(.init5)
 *(.init6)
 *(.init6)
 *(.init7)
 *(.init7)
 *(.init8)
 *(.init8)
 *(.init9)
 .init9         0x00000104        0x4 C:/Program Files (x86)/Atmel/Studio/7.0/Packs/atmel/ATmega_DFP/1.6.364/gcc/dev/atmega2560/avr6/crtatmega2560.o
 *(.init9)
 *(.text)
 .text          0x00000108        0x2 C:/Program Files (x86)/Atmel/Studio/7.0/Packs/atmel/ATmega_DFP/1.6.364/gcc/dev/atmega2560/avr6/crtatmega2560.o
                0x00000108                __vector_38
                0x00000108                __vector_22
                0x00000108                __vector_28
                0x00000108                __vector_1
                0x00000108                __vector_32
                0x00000108                __vector_34
                0x00000108                __vector_24
                0x00000108                __vector_12
                0x00000108                __vector_55
                0x00000108                __vector_46
                0x00000108                __bad_interrupt
                0x00000108                __vector_6
                0x00000108                __vector_31
                0x00000108                __vector_35
                0x00000108                __vector_39
                0x00000108                __vector_3
                0x00000108                __vector_30
                0x00000108                __vector_45
                0x00000108                __vector_25
                0x00000108                __vector_11
                0x00000108                __vector_54
                0x00000108                __vector_13
                0x00000108                __vector_17
                0x00000108                __vector_19
                0x00000108                __vector_56
                0x00000108                __vector_7
                0x00000108                __vector_49
                0x00000108                __vector_41
                0x00000108                __vector_43
                0x00000108                __vector_27
                0x00000108                __vector_5
                0x00000108                __vector_33
                0x00000108                __vector_47
                0x00000108                __vector_52
                0x00000108                __vector_37
                0x00000108                __vector_4
                0x00000108                __vector_44
                0x00000108                __vector_51
                0x00000108                __vector_9
                0x00000108                __vector_2
                0x00000108                __vector_21
                0x00000108                __vector_15
                0x00000108                __vector_36
                0x00000108                __vector_29
                0x00000108                __vector_40
                0x00000108                __vector_8
                0x00000108                __vector_26
                0x00000108                __vector_48
                0x00000108                __vector_14
                0x00000108                __vector_53
                0x00000108                __vector_10
                0x00000108                __vector_50
                0x00000108                __vector_16
                0x00000108                __vector_18
                0x00000108                __vector_20
                0x00000108                __vector_42
                0x0000010a                . = ALIGN (0x2)
 *(.text.*)
 .text.setup    0x0000010a        0x2 Sketch.o
                0x0000010a                setup
 .text.loop     0x0000010c        0x2 Sketch.o
                0x0000010c                loop
 .text.initVariant
                0x0000010e        0x2 c:\users\mart624n\DOCUME~1\ATMELS~1\7.0\DETINT~1\DETINT~1\ARDUIN~1\Debug\libArduinoCore.a(main.o)
                0x0000010e                initVariant
 .text.startup.main
                0x00000110       0x16 c:\users\mart624n\DOCUME~1\ATMELS~1\7.0\DETINT~1\DETINT~1\ARDUIN~1\Debug\libArduinoCore.a(main.o)
                0x00000110                main
 .text.__vector_23
                0x00000126       0x94 c:\users\mart624n\DOCUME~1\ATMELS~1\7.0\DETINT~1\DETINT~1\ARDUIN~1\Debug\libArduinoCore.a(wiring.o)
                0x00000126                __vector_23
 .text.init     0x000001ba       0xc4 c:\users\mart624n\DOCUME~1\ATMELS~1\7.0\DETINT~1\DETINT~1\ARDUIN~1\Debug\libArduinoCore.a(wiring.o)
                0x000001ba                init
                0x0000027e                . = ALIGN (0x2)
 *(.fini9)
 .fini9         0x0000027e        0x0 c:/program files (x86)/atmel/studio/7.0/toolchain/avr8/avr8-gnu-toolchain/bin/../lib/gcc/avr/5.4.0/avr6\libgcc.a(_exit.o)
                0x0000027e                _exit
                0x0000027e                exit
 *(.fini9)
 *(.fini8)
 *(.fini8)
 *(.fini7)
 *(.fini7)
 *(.fini6)
 *(.fini6)
 *(.fini5)
 *(.fini5)
 *(.fini4)
 *(.fini4)
 *(.fini3)
 *(.fini3)
 *(.fini2)
 *(.fini2)
 *(.fini1)
 *(.fini1)
 *(.fini0)
 .fini0         0x0000027e        0x4 c:/program files (x86)/atmel/studio/7.0/toolchain/avr8/avr8-gnu-toolchain/bin/../lib/gcc/avr/5.4.0/avr6\libgcc.a(_exit.o)
 *(.fini0)
                0x00000282                _etext = .

.data           0x00800200        0x0 load address 0x00000282
                [!provide]                PROVIDE (__data_start, .)
 *(.data)
 *(.data*)
 *(.gnu.linkonce.d*)
 *(.rodata)
 *(.rodata*)
 *(.gnu.linkonce.r*)
                0x00800200                . = ALIGN (0x2)
                0x00800200                _edata = .
                [!provide]                PROVIDE (__data_end, .)

.bss            0x00800200        0x9
                0x00800200                PROVIDE (__bss_start, .)
 *(.bss)
 *(.bss*)
 .bss.timer0_fract
                0x00800200        0x1 c:\users\mart624n\DOCUME~1\ATMELS~1\7.0\DETINT~1\DETINT~1\ARDUIN~1\Debug\libArduinoCore.a(wiring.o)
 .bss.timer0_millis
                0x00800201        0x4 c:\users\mart624n\DOCUME~1\ATMELS~1\7.0\DETINT~1\DETINT~1\ARDUIN~1\Debug\libArduinoCore.a(wiring.o)
                0x00800201                timer0_millis
 .bss.timer0_overflow_count
                0x00800205        0x4 c:\users\mart624n\DOCUME~1\ATMELS~1\7.0\DETINT~1\DETINT~1\ARDUIN~1\Debug\libArduinoCore.a(wiring.o)
                0x00800205                timer0_overflow_count
 *(COMMON)
                0x00800209                PROVIDE (__bss_end, .)
                0x00000282                __data_load_start = LOADADDR (.data)
                0x00000282                __data_load_end = (__data_load_start + SIZEOF (.data))

.noinit         0x00800209        0x0
                [!provide]                PROVIDE (__noinit_start, .)
 *(.noinit*)
                [!provide]                PROVIDE (__noinit_end, .)
                0x00800209                _end = .
                [!provide]                PROVIDE (__heap_start, .)

.eeprom         0x00810000        0x0
 *(.eeprom*)
                0x00810000                __eeprom_end = .

.fuse
 *(.fuse)
 *(.lfuse)
 *(.hfuse)
 *(.efuse)

.lock
 *(.lock*)

.signature
 *(.signature*)

.user_signatures
 *(.user_signatures*)

.stab
 *(.stab)

.stabstr
 *(.stabstr)

.stab.excl
 *(.stab.excl)

.stab.exclstr
 *(.stab.exclstr)

.stab.index
 *(.stab.index)

.stab.indexstr
 *(.stab.indexstr)

.comment        0x00000000       0x30
 *(.comment)
 .comment       0x00000000       0x30 Sketch.o
                                 0x31 (size before relaxing)
 .comment       0x00000030       0x31 c:\users\mart624n\DOCUME~1\ATMELS~1\7.0\DETINT~1\DETINT~1\ARDUIN~1\Debug\libArduinoCore.a(main.o)
 .comment       0x00000030       0x31 c:\users\mart624n\DOCUME~1\ATMELS~1\7.0\DETINT~1\DETINT~1\ARDUIN~1\Debug\libArduinoCore.a(wiring.o)

.note.gnu.avr.deviceinfo
                0x00000000       0x40
 .note.gnu.avr.deviceinfo
                0x00000000       0x40 C:/Program Files (x86)/Atmel/Studio/7.0/Packs/atmel/ATmega_DFP/1.6.364/gcc/dev/atmega2560/avr6/crtatmega2560.o

.note.gnu.build-id
 *(.note.gnu.build-id)

.debug
 *(.debug)

.line
 *(.line)

.debug_srcinfo
 *(.debug_srcinfo)

.debug_sfnames
 *(.debug_sfnames)

.debug_aranges  0x00000000       0x98
 *(.debug_aranges)
 .debug_aranges
                0x00000000       0x20 Sketch.o
 .debug_aranges
                0x00000020       0x30 c:\users\mart624n\DOCUME~1\ATMELS~1\7.0\DETINT~1\DETINT~1\ARDUIN~1\Debug\libArduinoCore.a(main.o)
 .debug_aranges
                0x00000050       0x48 c:\users\mart624n\DOCUME~1\ATMELS~1\7.0\DETINT~1\DETINT~1\ARDUIN~1\Debug\libArduinoCore.a(wiring.o)

.debug_pubnames
 *(.debug_pubnames)

.debug_info     0x00000000     0x1356
 *(.debug_info .gnu.linkonce.wi.*)
 .debug_info    0x00000000      0xbbc C:/Program Files (x86)/Atmel/Studio/7.0/Packs/atmel/ATmega_DFP/1.6.364/gcc/dev/atmega2560/avr6/crtatmega2560.o
 .debug_info    0x00000bbc      0x1dc Sketch.o
 .debug_info    0x00000d98      0x295 c:\users\mart624n\DOCUME~1\ATMELS~1\7.0\DETINT~1\DETINT~1\ARDUIN~1\Debug\libArduinoCore.a(main.o)
 .debug_info    0x0000102d      0x329 c:\users\mart624n\DOCUME~1\ATMELS~1\7.0\DETINT~1\DETINT~1\ARDUIN~1\Debug\libArduinoCore.a(wiring.o)

.debug_abbrev   0x00000000      0xe2b
 *(.debug_abbrev)
 .debug_abbrev  0x00000000      0xb1a C:/Program Files (x86)/Atmel/Studio/7.0/Packs/atmel/ATmega_DFP/1.6.364/gcc/dev/atmega2560/avr6/crtatmega2560.o
 .debug_abbrev  0x00000b1a       0x9e Sketch.o
 .debug_abbrev  0x00000bb8      0x12d c:\users\mart624n\DOCUME~1\ATMELS~1\7.0\DETINT~1\DETINT~1\ARDUIN~1\Debug\libArduinoCore.a(main.o)
 .debug_abbrev  0x00000ce5      0x146 c:\users\mart624n\DOCUME~1\ATMELS~1\7.0\DETINT~1\DETINT~1\ARDUIN~1\Debug\libArduinoCore.a(wiring.o)

.debug_line     0x00000000      0x72c
 *(.debug_line .debug_line.* .debug_line_end)
 .debug_line    0x00000000      0x1fa C:/Program Files (x86)/Atmel/Studio/7.0/Packs/atmel/ATmega_DFP/1.6.364/gcc/dev/atmega2560/avr6/crtatmega2560.o
 .debug_line    0x000001fa      0x106 Sketch.o
 .debug_line    0x00000300      0x161 c:\users\mart624n\DOCUME~1\ATMELS~1\7.0\DETINT~1\DETINT~1\ARDUIN~1\Debug\libArduinoCore.a(main.o)
 .debug_line    0x00000461      0x2cb c:\users\mart624n\DOCUME~1\ATMELS~1\7.0\DETINT~1\DETINT~1\ARDUIN~1\Debug\libArduinoCore.a(wiring.o)

.debug_frame    0x00000000      0x14c
 *(.debug_frame)
 .debug_frame   0x00000000       0x34 Sketch.o
 .debug_frame   0x00000034       0x54 c:\users\mart624n\DOCUME~1\ATMELS~1\7.0\DETINT~1\DETINT~1\ARDUIN~1\Debug\libArduinoCore.a(main.o)
 .debug_frame   0x00000088       0xc4 c:\users\mart624n\DOCUME~1\ATMELS~1\7.0\DETINT~1\DETINT~1\ARDUIN~1\Debug\libArduinoCore.a(wiring.o)

.debug_str      0x00000000      0x862
 *(.debug_str)
 .debug_str     0x00000000      0x3e6 C:/Program Files (x86)/Atmel/Studio/7.0/Packs/atmel/ATmega_DFP/1.6.364/gcc/dev/atmega2560/avr6/crtatmega2560.o
 .debug_str     0x000003e6      0x23b Sketch.o
                                0x27b (size before relaxing)
 .debug_str     0x00000621       0xce c:\users\mart624n\DOCUME~1\ATMELS~1\7.0\DETINT~1\DETINT~1\ARDUIN~1\Debug\libArduinoCore.a(main.o)
                                0x2d0 (size before relaxing)
 .debug_str     0x000006ef      0x173 c:\users\mart624n\DOCUME~1\ATMELS~1\7.0\DETINT~1\DETINT~1\ARDUIN~1\Debug\libArduinoCore.a(wiring.o)
                                0x266 (size before relaxing)

.debug_loc      0x00000000      0x28d
 *(.debug_loc)
 .debug_loc     0x00000000      0x28d c:\users\mart624n\DOCUME~1\ATMELS~1\7.0\DETINT~1\DETINT~1\ARDUIN~1\Debug\libArduinoCore.a(wiring.o)

.debug_macinfo
 *(.debug_macinfo)

.debug_weaknames
 *(.debug_weaknames)

.debug_funcnames
 *(.debug_funcnames)

.debug_typenames
 *(.debug_typenames)

.debug_varnames
 *(.debug_varnames)

.debug_pubtypes
 *(.debug_pubtypes)

.debug_ranges   0x00000000       0x68
 *(.debug_ranges)
 .debug_ranges  0x00000000       0x10 Sketch.o
 .debug_ranges  0x00000010       0x20 c:\users\mart624n\DOCUME~1\ATMELS~1\7.0\DETINT~1\DETINT~1\ARDUIN~1\Debug\libArduinoCore.a(main.o)
 .debug_ranges  0x00000030       0x38 c:\users\mart624n\DOCUME~1\ATMELS~1\7.0\DETINT~1\DETINT~1\ARDUIN~1\Debug\libArduinoCore.a(wiring.o)

.debug_macro
 *(.debug_macro)
OUTPUT(BareMinimum.elf elf32-avr)
LOAD linker stubs
